<html>
<body>
<pre>
<h1>µVision Build Log</h1>
<h2>Project:</h2>
D:\afnan\github\ARM-CORTEX\11. SPI\SPI.uvproj
Project File Date:  09/05/2025

<h2>Output:</h2>
compiling SPI_DECODE.C...
SPI_DECODE.C - 0 Error(s), 0 Warning(s).
Build target 'Target 1'
assembling startup_LPC17xx.s...
linking...
Program Size: Code=668 RO-data=212 RW-data=0 ZI-data=608  
"SPI.axf" - 0 Error(s), 0 Warning(s).
Build target 'Target 1'
assembling startup_LPC17xx.s...
compiling SPI_DECODE.C...
linking...
Program Size: Code=668 RO-data=212 RW-data=0 ZI-data=608  
"SPI.axf" - 0 Error(s), 0 Warning(s).
Build target 'Target 1'
assembling startup_LPC17xx.s...
compiling SPI_DECODE.C...
linking...
Program Size: Code=668 RO-data=212 RW-data=0 ZI-data=608  
FromELF: creating hex file...
"SPI_DECODE.axf" - 0 Error(s), 0 Warning(s).
compiling SPI_NON_DECODE.C...
SPI_NON_DECODE.C - 0 Error(s), 0 Warning(s).
Build target 'Target 1'
linking...
Program Size: Code=668 RO-data=212 RW-data=0 ZI-data=608  
FromELF: creating hex file...
"SPI_DECODE.axf" - 0 Error(s), 0 Warning(s).
Build target 'Target 1'
linking...
Program Size: Code=668 RO-data=212 RW-data=0 ZI-data=608  
FromELF: creating hex file...
"SPI_DECODE.axf" - 0 Error(s), 0 Warning(s).
Build target 'Target 1'
assembling startup_LPC17xx.s...
compiling SPI_NON_DECODE.C...
linking...
Program Size: Code=668 RO-data=212 RW-data=0 ZI-data=608  
FromELF: creating hex file...
"SPI_DECODE.axf" - 0 Error(s), 0 Warning(s).
Build target 'Target 1'
assembling startup_LPC17xx.s...
compiling SPI_NON_DECODE.C...
linking...
Program Size: Code=668 RO-data=212 RW-data=0 ZI-data=608  
FromELF: creating hex file...
"SPI_NON_DECODE.axf" - 0 Error(s), 0 Warning(s).
Build target 'Target 1'
compiling SPI_DECODE.C...
linking...
Program Size: Code=668 RO-data=212 RW-data=0 ZI-data=608  
FromELF: creating hex file...
"SPI_DECODE.axf" - 0 Error(s), 0 Warning(s).
Build target 'Target 1'
assembling startup_LPC17xx.s...
compiling SPI_DECODE.C...
linking...
Program Size: Code=668 RO-data=212 RW-data=0 ZI-data=608  
FromELF: creating hex file...
"SPI_DECODE.axf" - 0 Error(s), 0 Warning(s).
