<html>
<body>
<pre>
<h1>µVision Build Log</h1>
<h2>Project:</h2>
D:\afnan\github\ARM-CORTEX\LCD\LCD.uvproj
Project File Date:  09/05/2025

<h2>Output:</h2>
compiling lcd_main1.c...
lcd_main1.c - 0 Error(s), 0 Warning(s).
Build target 'Target 1'
assembling startup_LPC17xx.s...
linking...
LCD.axf: Error: L6218E: Undefined symbol delay (referred from lcd_main1.o).
LCD.axf: Error: L6218E: Undefined symbol lcd_cmd_write (referred from lcd_main1.o).
LCD.axf: Error: L6218E: Undefined symbol lcd_conf (referred from lcd_main1.o).
LCD.axf: Error: L6218E: Undefined symbol lcd_num (referred from lcd_main1.o).
LCD.axf: Error: L6218E: Undefined symbol str_write (referred from lcd_main1.o).
Target not created
compiling lcd_main1.c...
lcd_main1.c - 0 Error(s), 0 Warning(s).
Build target 'Target 1'
linking...
Program Size: Code=768 RO-data=232 RW-data=0 ZI-data=608  
"LCD.axf" - 0 Error(s), 0 Warning(s).
Build target 'Target 1'
assembling startup_LPC17xx.s...
compiling lcd_main1.c...
linking...
Program Size: Code=768 RO-data=232 RW-data=0 ZI-data=608  
"LCD.axf" - 0 Error(s), 0 Warning(s).
Build target 'Target 1'
assembling startup_LPC17xx.s...
compiling lcd_main1.c...
linking...
Program Size: Code=768 RO-data=232 RW-data=0 ZI-data=608  
FromELF: creating hex file...
"LCD.axf" - 0 Error(s), 0 Warning(s).
